PAIRMAPS: 25
0 AlAl
5 AlC
6 AlH
7 AlN
8 AlO
5 CAl
1 CC
9 CH
10 CN
11 CO
6 HAl
9 HC
2 HH
12 HN
13 HO
7 NAl
10 NC
12 NH
3 NN
14 NO
8 OAl
11 OC
13 OH
14 ON
4 OO

TRIPMAPS: 125
0 AlAlAlAlAlAl
1 AlAlAlCAlC
2 AlAlAlHAlH
3 AlAlAlNAlN
4 AlAlAlOAlO
1 AlCAlAlAlC
1 AlCAlCAlAl
5 AlCAlCCC
6 AlCAlHCH
7 AlCAlNCN
8 AlCAlOCO
5 AlCCCAlC
6 AlCCHAlH
7 AlCCNAlN
8 AlCCOAlO
2 AlHAlAlAlH
6 AlHAlCCH
2 AlHAlHAlAl
9 AlHAlHHH
10 AlHAlNHN
11 AlHAlOHO
6 AlHCHAlC
9 AlHHHAlH
10 AlHHNAlN
11 AlHHOAlO
3 AlNAlAlAlN
7 AlNAlCCN
10 AlNAlHHN
3 AlNAlNAlAl
12 AlNAlNNN
13 AlNAlONO
7 AlNCNAlC
10 AlNHNAlH
12 AlNNNAlN
13 AlNNOAlO
4 AlOAlAlAlO
8 AlOAlCCO
11 AlOAlHHO
13 AlOAlNNO
4 AlOAlOAlAl
14 AlOAlOOO
8 AlOCOAlC
11 AlOHOAlH
13 AlONOAlN
14 AlOOOAlO
5 CCAlCAlC
15 CCCCCC
16 CCCHCH
17 CCCNCN
18 CCCOCO
6 CHAlCAlH
6 CHAlHAlC
16 CHCCCH
16 CHCHCC
19 CHCHHH
20 CHCNHN
21 CHCOHO
19 CHHHCH
20 CHHNCN
21 CHHOCO
7 CNAlCAlN
7 CNAlNAlC
17 CNCCCN
20 CNCHHN
17 CNCNCC
22 CNCNNN
23 CNCONO
20 CNHNCH
22 CNNNCN
23 CNNOCO
8 COAlCAlO
8 COAlOAlC
18 COCCCO
21 COCHHO
23 COCNNO
18 COCOCC
24 COCOOO
21 COHOCH
23 CONOCN
24 COOOCO
9 HHAlHAlH
19 HHCHCH
25 HHHHHH
26 HHHNHN
27 HHHOHO
10 HNAlHAlN
10 HNAlNAlH
20 HNCHCN
20 HNCNCH
26 HNHHHN
26 HNHNHH
28 HNHNNN
29 HNHONO
28 HNNNHN
29 HNNOHO
11 HOAlHAlO
11 HOAlOAlH
21 HOCHCO
21 HOCOCH
27 HOHHHO
29 HOHNNO
27 HOHOHH
30 HOHOOO
29 HONOHN
30 HOOOHO
12 NNAlNAlN
22 NNCNCN
28 NNHNHN
31 NNNNNN
32 NNNONO
13 NOAlNAlO
13 NOAlOAlN
23 NOCNCO
23 NOCOCN
29 NOHNHO
29 NOHOHN
32 NONNNO
32 NONONN
33 NONOOO
33 NOOONO
14 OOAlOAlO
24 OOCOCO
30 OOHOHO
33 OONONO
34 OOOOOO
